
> symbiose@0.0.0 test C:\Users\Lars\equal-project\apps-core-workbench-fork
> ng test "--watch=false" "--browsers=ChromeHeadless" "--code-coverage=false"

npm : - Generating browser application bundles (phase: setup)...
At line:1 char:1
+ npm test -- --watch=false --browsers=ChromeHeadless --code-coverage=f ...
+ ~~~~~~~~~~~~~~~~~~~~~~~~~~~~~~~~~~~~~~~~~~~~~~~~~~~~~~~~~~~~~~~~~~~~~
    + CategoryInfo          : NotSpecified: (- Generating br...hase: setup)... 
   :String) [], RemoteException
    + FullyQualifiedErrorId : NativeCommandError
 
Ô£ö Browser application bundle generation complete.
15 04 2026 14:57:36.392:INFO [karma-server]: Karma v6.3.20 server started at http://localhost:9877/
15 04 2026 14:57:36.395:INFO [launcher]: Launching browsers ChromeHeadless with concurrency unlimited
15 04 2026 14:57:36.401:INFO [launcher]: Starting browser ChromeHeadless
15 04 2026 14:57:37.660:INFO [Chrome Headless 147.0.0.0 (Windows 10)]: Connected on socket g943mYatHfcG8slnAAAB with id 24864678
Chrome Headless 147.0.0.0 (Windows 10): Executed 0 of 3[32m SUCCESS[39m (0 secs / 0 secs)
[1A[2KERROR: [36m'NG0304: 'mat-icon' is not a known element:
1. If 'mat-icon' is an Angular component, then verify that it is part of this module.
2. If 'mat-icon' is a Web Component then add 'CUSTOM_ELEMENTS_SCHEMA' to the '@NgModule.schemas' of this component to suppress this message.'[39m
Chrome Headless 147.0.0.0 (Windows 10): Executed 0 of 3[32m SUCCESS[39m (0 secs / 0 secs)
ERROR: 'NG0304: 'mat-icon' is not a known element:
1. If 'mat-icon' is an Angular component, then verify that it is part of this module.
2. If 'mat-icon' is a Web Component then add 'CUSTOM_ELEMENTS_SCHEMA' to the '@NgModule.schemas' of this component to suppress this message.'
[1A[2KERROR: [36m'NG0303: Can't bind to 'matTooltip' since it isn't a known property of 'button'.'[39m
Chrome Headless 147.0.0.0 (Windows 10): Executed 0 of 3[32m SUCCESS[39m (0 secs / 0 secs)
ERROR: 'NG0303: Can't bind to 'matTooltip' since it isn't a known property of 'button'.'
[1A[2KChrome Headless 147.0.0.0 (Windows 10): Executed 1 of 3[32m SUCCESS[39m (0 secs / 0.171 secs)
[1A[2KERROR: [36m'NG0304: 'app-item-viewer' is not a known element:
1. If 'app-item-viewer' is an Angular component, then verify that it is part of this module.
2. If 'app-item-viewer' is a Web Component then add 'CUSTOM_ELEMENTS_SCHEMA' to the '@NgModule.schemas' of this component to suppress this message.'[39m
Chrome Headless 147.0.0.0 (Windows 10): Executed 1 of 3[32m SUCCESS[39m (0 secs / 0.171 secs)
ERROR: 'NG0304: 'app-item-viewer' is not a known element:
1. If 'app-item-viewer' is an Angular component, then verify that it is part of this module.
2. If 'app-item-viewer' is a Web Component then add 'CUSTOM_ELEMENTS_SCHEMA' to the '@NgModule.schemas' of this component to suppress this message.'
[1A[2KERROR: [36m'NG0303: Can't bind to 'item_scheme' since it isn't a known property of 'app-item-viewer'.'[39m
Chrome Headless 147.0.0.0 (Windows 10): Executed 1 of 3[32m SUCCESS[39m (0 secs / 0.171 secs)
ERROR: 'NG0303: Can't bind to 'item_scheme' since it isn't a known property of 'app-item-viewer'.'
[1A[2KChrome Headless 147.0.0.0 (Windows 10): Executed 2 of 3[32m SUCCESS[39m (0 secs / 0.214 secs)
[1A[2KERROR: [36m'NG0304: 'app-info-generic' is not a known element:
1. If 'app-info-generic' is an Angular component, then verify that it is part of this module.
2. If 'app-info-generic' is a Web Component then add 'CUSTOM_ELEMENTS_SCHEMA' to the '@NgModule.schemas' of this component to suppress this message.'[39m
Chrome Headless 147.0.0.0 (Windows 10): Executed 2 of 3[32m SUCCESS[39m (0 secs / 0.214 secs)
ERROR: 'NG0304: 'app-info-generic' is not a known element:
1. If 'app-info-generic' is an Angular component, then verify that it is part of this module.
2. If 'app-info-generic' is a Web Component then add 'CUSTOM_ELEMENTS_SCHEMA' to the '@NgModule.schemas' of this component to suppress this message.'
[1A[2KERROR: [36m'NG0303: Can't bind to 'item' since it isn't a known property of 'app-info-generic'.'[39m
Chrome Headless 147.0.0.0 (Windows 10): Executed 2 of 3[32m SUCCESS[39m (0 secs / 0.214 secs)
ERROR: 'NG0303: Can't bind to 'item' since it isn't a known property of 'app-info-generic'.'
[1A[2KERROR: [36m'NG0303: Can't bind to 'descriptionKey' since it isn't a known property of 'app-info-generic'.'[39m
Chrome Headless 147.0.0.0 (Windows 10): Executed 2 of 3[32m SUCCESS[39m (0 secs / 0.214 secs)
ERROR: 'NG0303: Can't bind to 'descriptionKey' since it isn't a known property of 'app-info-generic'.'
[1A[2KERROR: [36m'NG0303: Can't bind to 'editableFields' since it isn't a known property of 'app-info-generic'.'[39m
Chrome Headless 147.0.0.0 (Windows 10): Executed 2 of 3[32m SUCCESS[39m (0 secs / 0.214 secs)
ERROR: 'NG0303: Can't bind to 'editableFields' since it isn't a known property of 'app-info-generic'.'
[1A[2KChrome Headless 147.0.0.0 (Windows 10): Executed 3 of 3[32m SUCCESS[39m (0 secs / 0.224 secs)
[1A[2K[31mChrome Headless 147.0.0.0 (Windows 10) ERROR[39m
  An error was thrown in afterAll
  Uncaught ReferenceError: Cannot access 'InfoRoleComponent' before initialization
  ReferenceError: Cannot access 'InfoRoleComponent' before initialization
      at Module.InfoRoleComponent (http://localhost:9877/_karma_webpack_/main.js:2643:66)
      at Module.44346 (http://localhost:9877/_karma_webpack_/webpack:/src/app/_modules/workbench.module.ts:110:5)
      at __webpack_require__ (http://localhost:9877/_karma_webpack_/webpack:/webpack/bootstrap:19:1)
      at Module.40651 (http://localhost:9877/_karma_webpack_/main.js:2650:90)
      at __webpack_require__ (http://localhost:9877/_karma_webpack_/webpack:/webpack/bootstrap:19:1)
      at Module.19633 (http://localhost:9877/_karma_webpack_/main.js:2608:78)
      at __webpack_require__ (http://localhost:9877/_karma_webpack_/webpack:/webpack/bootstrap:19:1)
      at webpackContext (http://localhost:9877/_karma_webpack_/webpack:/src|sync|/.spec/.ts$:131:1)
      at Array.map (<anonymous>)
      at Module.4289 (http://localhost:9877/_karma_webpack_/webpack:/src/test.ts:18:16)
Chrome Headless 147.0.0.0 (Windows 10): Executed 3 of 3[31m ERROR[39m (0 secs / 0.224 secs)
Chrome Headless 147.0.0.0 (Windows 10) ERROR
  An error was thrown in afterAll
  Uncaught ReferenceError: Cannot access 'InfoRoleComponent' before initialization
  ReferenceError: Cannot access 'InfoRoleComponent' before initialization
      at Module.InfoRoleComponent (http://localhost:9877/_karma_webpack_/main.js:2643:66)
      at Module.44346 (http://localhost:9877/_karma_webpack_/webpack:/src/app/_modules/workbench.module.ts:110:5)
      at __webpack_require__ (http://localhost:9877/_karma_webpack_/webpack:/webpack/bootstrap:19:1)
      at Module.40651 (http://localhost:9877/_karma_webpack_/main.js:2650:90)
      at __webpack_require__ (http://localhost:9877/_karma_webpack_/webpack:/webpack/bootstrap:19:1)
      at Module.19633 (http://localhost:9877/_karma_webpack_/main.js:2608:78)
      at __webpack_require__ (http://localhost:9877/_karma_webpack_/webpack:/webpack/bootstrap:19:1)
      at webpackContext (http://localhost:9877/_karma_webpack_/webpack:/src|sync|/.spec/.ts$:131:1)
      at Array.map (<anonymous>)
      at Module.4289 (http://localhost:9877/_karma_webpack_/webpack:/src/test.ts:18:16)
[1A[2KChrome Headless 147.0.0.0 (Windows 10): Executed 3 of 3[31m ERROR[39m (2.47 secs / 0.224 secs)
[1A[2KChrome Headless 147.0.0.0 (Windows 10): Executed 3 of 3[31m ERROR[39m (2.477 secs / 0.224 secs)
npm ERR! Test failed.  See above for more details.
